[backblue.gif]
[fade.gif]
[index.html]
[www.gulfstream.com/apple-touch-icon.png]
[www.gulfstream.com/favicon-32x32.png]
[www.gulfstream.com/favicon-16x16.png]
[www.gulfstream.com/site.html]
[www.gulfstream.com/safari-pinned-tab.svg]
[www.gulfstream.com/favicon.ico]
[www.gulfstream.com/index.html]
[www.gulfstream.com/third-party/flickity.min.css]
[www.gulfstream.com/css/main.css]
[www.gulfstream.com/third-party/fullscreen.css]
[connect.facebook.net/en_US/fbevents.js]
[www.facebook.com/tr47f9.gif]
[munchkin.marketo.net/munchkin.js]
[assets.gulfstream.aero/images/menu/v_g700_a_mkt_00001.jpg]
[www.gulfstream.com/en/aircraft/gulfstream-g700/index.html]
[www.gulfstream.com/en/aircraft/index.html]
[www.gulfstream.com/en/aircraft/gulfstream-g650er/index.html]
[www.gulfstream.com/en/contact/index.html]
[www.gulfstream.com/en/aircraft/gulfstream-g500/index.html]
[assets.gulfstream.aero/images/menu/d_g650ER_a_mkt_00239_web.jpg]
[www.gulfstream.com/en/aircraft/gulfstream-g550/index.html]
[www.gulfstream.com/en/aircraft/gulfstream-g600/index.html]
[www.gulfstream.com/en/aircraft/special-missions/index.html]
[www.gulfstream.com/en/aircraft/gulfstream-g280/index.html]
[www.gulfstream.com/en/customer-support/index.html]
[www.gulfstream.com/en/pre-owned/index.html]
[assets.gulfstream.aero/images/menu/aircraft_dropdown_v02_web.jpg]
[assets.gulfstream.aero/images/menu/d_g500_a_print_00204_v02r01_web.jpg]
[assets.gulfstream.aero/images/menu/d_g550_a_mkt_837_nav.jpg]
[assets.gulfstream.aero/images/menu/d_g280_a_mkt_01095_v01r02_menu.jpg]
[assets.gulfstream.aero/images/menu/d_g450_a_mkt_952_v01r02.jpg]
[assets.gulfstream.aero/images/menu/v_g550_caew_a_print_004_450x405.jpg]
[fast.wistia.com/assets/external/E-v1.js]
[www.gulfstream.com/buttons/video-pause.svg]
[www.gulfstream.com/buttons/video-sound-off.svg]
[assets.gulfstream.aero/images/homepage/Cou_20190531_0021_v01r03_1550x1280.jpg]
[assets.gulfstream.aero/images/homepage/g500_t2_climatic_heat_test_eglin_131_v01r03_1920x1080_web.jpg]
[assets.gulfstream.aero/images/homepage/d_g650ER_a_mkt_00464_1550x1280.jpg]
[assets.gulfstream.aero/images/homepage/d_g650_g650ER_i_mkt_0141_v02r01-1-2.jpg]
[assets.gulfstream.aero/images/homepage/d_g500_i_mkt_00091_v02r01_1550x1280.jpg]
[assets.gulfstream.aero/images/homepage/d_g500_i_mkt_00013_v02r01_1550x1280.jpg]
[assets.gulfstream.aero/images/homepage/lip_20190510_g500_8096_1550x1280.jpg]
[assets.gulfstream.aero/images/homepage/d_dal_comp_ctr_i_print_048_1550x1280.jpg]
[assets.gulfstream.aero/images/homepage/nyc_i_sdc_mkt_040_1550x1280.jpg]
[assets.gulfstream.aero/images/homepage/nyc_i_sdc_mkt_015_1550x1280.jpg]
[assets.gulfstream.aero/images/homepage/d_g600_i_mkt_182_1550X1280.jpg]
[assets.gulfstream.aero/images/homepage/d_g600_i_mkt_152_1550X1280.jpg]
[assets.gulfstream.aero/images/homepage/d_lon_i_sdc_print_066_1550x1280.jpg]
[assets.gulfstream.aero/images/news/gulfstream_g600_receives_easa_approval.jpg]
[assets.gulfstream.aero/images/news/gulfstream_g700_development_accelerates_v2.jpg]
[www.gulfstream.com/third-party/jquery-3.4.1.min.js]
[www.gulfstream.com/third-party/flickity.min.js]
[www.gulfstream.com/en/legal/cookie-notice/index.html]
[www.gulfstream.com/js/cookie.js]
[www.gulfstream.com/js/main.js]
[www.gulfstream.com/js/hero_video.js]
[www.gulfstream.com/js/flickity_custom.js]
[www.gulfstream.com/third-party/fullscreen.min.js]
[www.gulfstream.com/en/index.html]
[www.gulfstream.com/site.html]
[www.gulfstream.com/index.html]
[www.gulfstream.com/en/contact/support/index.html]
[assets.gulfstream.aero/images/contact/contact_hero_dark_resample.jpg]
[www.gulfstream.com/en/contact/index.html]
[www.gulfstream.com/en/contact/ownership/index.html]
[www.gulfstream.com/js/json.rangemap.js]
[assets.gulfstream.aero/images/aircraft/landing/v_formation_g_mkt_00002-1.jpg]
[assets.gulfstream.aero/images/aircraft/landing/v_g700_a_mkt_00002_web.jpg]
[assets.gulfstream.aero/images/aircraft/landing/d_g700_i_mkt_00013_web_1.jpg]
[assets.gulfstream.aero/images/aircraft/landing/v_g700_a_mkt_00010_web.jpg]
[assets.gulfstream.aero/images/aircraft/landing/d_g700_i_mkt_00020_web_1.jpg]
[assets.gulfstream.aero/images/aircraft/landing/d_g650ER_a_print_00219_v01r03.jpg]
[assets.gulfstream.aero/images/aircraft/landing/d_g650_a_mkt_00992.jpg]
[assets.gulfstream.aero/images/aircraft/landing/d_g650_a_mkt_0041.jpg]
[assets.gulfstream.aero/images/aircraft/landing/d_g650_g650ER_i_mkt_0141_v02r01-1.jpg]
[assets.gulfstream.aero/images/aircraft/landing/d_g650_g650ER_i_mkt_0094_v02.jpg]
[assets.gulfstream.aero/images/aircraft/landing/d_g600_i_print_00111.jpg]
[assets.gulfstream.aero/images/aircraft/landing/d_g600_i_print_00120.jpg]
[assets.gulfstream.aero/images/aircraft/landing/d_g650_g650ER_i_mkt_0189.jpg]
[assets.gulfstream.aero/images/aircraft/landing/d_g650_g650ER_i_print_0138.jpg]
[assets.gulfstream.aero/images/aircraft/landing/d_g600_a_mkt_00037.jpg]
[assets.gulfstream.aero/images/aircraft/landing/d_g600_i_mkt_215__1550x1280.jpg]
[assets.gulfstream.aero/images/aircraft/landing/d_g600_a_print_00016.jpg]
[assets.gulfstream.aero/images/aircraft/landing/d_g600_i_mkt_00219_v02r01_1550x1280.jpg]
[assets.gulfstream.aero/images/aircraft/landing/d_g500_a_print_00051.jpg]
[assets.gulfstream.aero/images/aircraft/landing/d_g500_a_print_00048.jpg]
[assets.gulfstream.aero/images/aircraft/landing/v_g500_flightdeck_mkt_004.jpg]
[assets.gulfstream.aero/images/aircraft/landing/d_g500_i_mkt_00013_v02r01_1550x1280.jpg]
[assets.gulfstream.aero/images/aircraft/landing/lip_20190510_g500_8094.jpg]
[assets.gulfstream.aero/images/aircraft/landing/d_g500_i_mkt_00001_v01r02_1550x1280.jpg]
[assets.gulfstream.aero/images/aircraft/landing/d_g550_a_mkt_837.jpg]
[assets.gulfstream.aero/images/aircraft/landing/d_g550_i_mkt_173_v01r02.jpg]
[assets.gulfstream.aero/images/aircraft/landing/d_g550_a_print_105.jpg]
[assets.gulfstream.aero/images/aircraft/landing/d_g550_i_mkt_104_v02.jpg]
[assets.gulfstream.aero/images/aircraft/landing/d_g280_a_mkt_01095_v01r02.jpg]
[assets.gulfstream.aero/images/aircraft/landing/d_g280_a_mkt_00836_v01r02.jpg]
[assets.gulfstream.aero/images/aircraft/landing/d_g280_i_mkt_002.jpg]
[assets.gulfstream.aero/images/aircraft/landing/v_G650_c2_exec_airlift_a_mkt_001.jpg]
[assets.gulfstream.aero/images/aircraft/landing/g550_5560_medevac_web_013.jpg]
[assets.gulfstream.aero/images/aircraft/landing/d_g550_trsa_a_print_003.jpg]
[assets.gulfstream.aero/images/aircraft/landing/v_g550_caew_a_print_005.jpg]
[ajax.googleapis.com/ajax/libs/jquery/1.8.3/jquery.min.js]
[www.gulfstream.com/rangemap/range_map.js]
[www.gulfstream.com/rangemap/airports.js]
[www.gulfstream.com/rangemap/aircraft/G700.js]
[www.gulfstream.com/rangemap/aircraft/G650er.js]
[www.gulfstream.com/rangemap/aircraft/G600.js]
[www.gulfstream.com/rangemap/aircraft/G550.js]
[www.gulfstream.com/rangemap/aircraft/G500.js]
[www.gulfstream.com/rangemap/aircraft/G280.js]
[www.gulfstream.com/rangemap/planes.js]
[www.gulfstream.com/js/aircraft.js]
[www.gulfstream.com/en/aircraft/index.html]
[assets.gulfstream.aero/images/aircraft/g700/g700-logo.png]
[assets.gulfstream.aero/images/aircraft/g700/d_g700_i_mkt_00020_web.jpg]
[assets.gulfstream.aero/images/aircraft/g700/d_g700_i_mkt_00015_web.jpg]
[assets.gulfstream.aero/images/aircraft/g700/d_g700_i_mkt_00017_web.jpg]
[assets.gulfstream.aero/images/aircraft/g700/d_g700_i_mkt_00013_web.jpg]
[assets.gulfstream.aero/images/aircraft/g700/d_g700_i_mkt_00028_web.jpg]
[assets.gulfstream.aero/images/aircraft/g700/v_g700_i_mkt_00001_web.jpg]
[assets.gulfstream.aero/images/aircraft/g700/d_g700_i_mkt_00035_web.jpg]
[assets.gulfstream.aero/images/aircraft/g700/v_g700_g_mkt_00002_web_1.jpg]
[assets.gulfstream.aero/images/aircraft/g700/floorplans_g700_ext_lav_c_dsktp.png]
[assets.gulfstream.aero/images/aircraft/g700/floorplans_g700_w_crew_c_dsktp.png]
[assets.gulfstream.aero/images/aircraft/g700/floorplans_g700_five_areas_c_dsktp.png]
[assets.gulfstream.aero/images/aircraft/g700/floorplans_g700_ext_lav_c_01.png]
[assets.gulfstream.aero/images/aircraft/g700/floorplans_g700_ext_lav_c_02.png]
[assets.gulfstream.aero/images/aircraft/g700/floorplans_g700_ext_lav_c_03.png]
[assets.gulfstream.aero/images/aircraft/g700/floorplans_g700_w_crew_c_01.png]
[assets.gulfstream.aero/images/aircraft/g700/floorplans_g700_w_crew_c_02.png]
[assets.gulfstream.aero/images/aircraft/g700/floorplans_g700_w_crew_c_03.png]
[assets.gulfstream.aero/images/aircraft/g700/floorplans_g700_five_areas_c_01.png]
[assets.gulfstream.aero/images/aircraft/g700/floorplans_g700_five_areas_c_02.png]
[assets.gulfstream.aero/images/aircraft/g700/floorplans_g700_five_areas_c_03.png]
[assets.gulfstream.aero/images/aircraft/g700/v_g700_a_mkt_00009_web.jpg]
[assets.gulfstream.aero/images/aircraft/g700/v_g700_a_mkt_00001_web.jpg]
[assets.gulfstream.aero/images/aircraft/g700/v_g700_flightdeck_mkt_002_web.jpg]
[assets.gulfstream.aero/images/aircraft/g700/v_g700_g_mkt_00002_web.jpg]
[assets.gulfstream.aero/docs/aircraft/g700/g700_spec_sheet_english_web_v02.pdf]
[www.gulfstream.com/en/aircraft/gulfstream-g700/index.html]
[assets.gulfstream.aero/images/aircraft/g650er/g650er-logo.png]
[www.gulfstream.com/en/aircraft/index9cbd.html]
[assets.gulfstream.aero/images/aircraft/g650er/d_g650_g650ER_i_mkt_0136_v02r01_web.jpg]
[assets.gulfstream.aero/images/aircraft/g650er/d_g650_g650ER_i_mkt_0111_web.jpg]
[assets.gulfstream.aero/images/aircraft/g650er/d_g650_g650ER_i_mkt_0134_v02r01_web.jpg]
[assets.gulfstream.aero/images/aircraft/g650er/d_g650ER_a_mkt_00172_v02r01_web.jpg]
[assets.gulfstream.aero/images/aircraft/g650er/d_g650ER_a_mkt_00186_v02r01_web.jpg]
[assets.gulfstream.aero/images/aircraft/g650er/d_g650_g650ER_i_mkt_0060_web.jpg]
[assets.gulfstream.aero/images/aircraft/g650er/lip_20150622_1766_v02r02_web.jpg]
[assets.gulfstream.aero/images/aircraft/g650er/d_g650_g650ER_i_mkt_0110_v02r01_web.jpg]
[assets.gulfstream.aero/images/aircraft/g650er/d_g650_g650ER_i_mkt_0075_web.jpg]
[assets.gulfstream.aero/images/aircraft/g650er/d_g650_g650ER_i_mkt_0128_v02r01_web.jpg]
[assets.gulfstream.aero/images/aircraft/g650er/650er1-floorplan.png]
[assets.gulfstream.aero/images/aircraft/g650er/650er2-floorplan.png]
[assets.gulfstream.aero/images/aircraft/g650er/650er3-floorplan.png]
[assets.gulfstream.aero/images/aircraft/g650er/650er4-floorplan.png]
[assets.gulfstream.aero/images/aircraft/g650er/650er1-floorplans-650_01.png]
[assets.gulfstream.aero/images/aircraft/g650er/650er1-floorplans-650_02.png]
[assets.gulfstream.aero/images/aircraft/g650er/650er1-floorplans-650_03.png]
[assets.gulfstream.aero/images/aircraft/g650er/650er2-floorplans-650_01.png]
[assets.gulfstream.aero/images/aircraft/g650er/650er2-floorplans-650_02.png]
[assets.gulfstream.aero/images/aircraft/g650er/650er2-floorplans-650_03.png]
[assets.gulfstream.aero/images/aircraft/g650er/650er3-floorplans-650_01.png]
[assets.gulfstream.aero/images/aircraft/g650er/650er3-floorplans-650_02.png]
[assets.gulfstream.aero/images/aircraft/g650er/650er3-floorplans-650_03.png]
[assets.gulfstream.aero/images/aircraft/g650er/650er4-floorplans-650_01.png]
[assets.gulfstream.aero/images/aircraft/g650er/650er4-floorplans-650_02.png]
[assets.gulfstream.aero/images/aircraft/g650er/650er4-floorplans-650_03.png]
[assets.gulfstream.aero/images/aircraft/g650er/d_g650ER_i_flightdeck_mkt_002_web.jpg]
[assets.gulfstream.aero/images/aircraft/g650er/d_g650ER_g_print_00078_web.jpg]
[assets.gulfstream.aero/docs/aircraft/g650er/g650er_spec_sheet_english_web_v02.pdf]
[www.gulfstream.com/en/aircraft/gulfstream-g650er/index.html]
[assets.gulfstream.aero/images/aircraft/g600/g600-logo.png]
[assets.gulfstream.aero/images/aircraft/g600/d_g600_g_mkt_00004.jpg]
[assets.gulfstream.aero/images/aircraft/g600/lip_20190724_464_v01r01.jpg]
[assets.gulfstream.aero/images/aircraft/g600/lip_20190724_014_v02r01.jpg]
[assets.gulfstream.aero/images/aircraft/g600/d_g600_a_mkt_00235_web.jpg]
[assets.gulfstream.aero/images/aircraft/g600/d_g600_a_mkt_00146.jpg]
[assets.gulfstream.aero/images/aircraft/g600/lip_20190725_biz_0560_v02r01.jpg]
[assets.gulfstream.aero/images/aircraft/g600/d_g600_i_mkt_00216.jpg]
[assets.gulfstream.aero/images/aircraft/g600/d_g600_i_mkt_00277_web.jpg]
[assets.gulfstream.aero/images/aircraft/g600/lip_20190724_034_v02r01.jpg]
[assets.gulfstream.aero/images/aircraft/g600/g600_Fwd_Galley_with_Crew_Rest.png]
[assets.gulfstream.aero/images/aircraft/g600/g600_Forward_Galley.png]
[assets.gulfstream.aero/images/aircraft/g600/g600_Aft_Galley_with_Crew_Rest.png]
[assets.gulfstream.aero/images/aircraft/g600/g600_Fwd-Galley-with-Crew-Rest_01.png]
[assets.gulfstream.aero/images/aircraft/g600/g600_Fwd-Galley-with-Crew-Rest_02.png]
[assets.gulfstream.aero/images/aircraft/g600/g600_Fwd-Galley-with-Crew-Rest_03.png]
[assets.gulfstream.aero/images/aircraft/g600/g600_Forward-Galley_01.png]
[assets.gulfstream.aero/images/aircraft/g600/g600_Forward-Galley_02.png]
[assets.gulfstream.aero/images/aircraft/g600/g600_Forward-Galley_03.png]
[assets.gulfstream.aero/images/aircraft/g600/g600_Aft-Galley-with-Crew-Rest_01.png]
[assets.gulfstream.aero/images/aircraft/g600/g600_Aft-Galley-with-Crew-Rest_02.png]
[assets.gulfstream.aero/images/aircraft/g600/g600_Aft-Galley-with-Crew-Rest_03.png]
[assets.gulfstream.aero/images/aircraft/g600/d_g500_flightdeck_mkt_057.jpg]
[assets.gulfstream.aero/images/aircraft/g600/d_g600_flightdeck_mkt_058_web.jpg]
[assets.gulfstream.aero/docs/aircraft/g600/g600_spec_sheet_english_web_v02.pdf]
[www.gulfstream.com/en/aircraft/gulfstream-g600/index.html]
[assets.gulfstream.aero/images/aircraft/g500/G500-logo.png]
[assets.gulfstream.aero/images/aircraft/g500/d_g500_a_mkt_00320_v02r01_webD.jpg]
[assets.gulfstream.aero/images/aircraft/g500/d_g500_i_mkt_00003_webC.jpg]
[assets.gulfstream.aero/images/aircraft/g500/d_g500_g_mkt_00067_v02r01_webC.jpg]
[assets.gulfstream.aero/images/aircraft/g500/d_g500_a_print_00156_web.jpg]
[assets.gulfstream.aero/images/aircraft/g500/d_g500_a_print_00204_v02r01_web.jpg]
[assets.gulfstream.aero/images/aircraft/g500/d_g500_i_print_00003_v02r01_web.jpg]
[assets.gulfstream.aero/images/aircraft/g500/d_g500_i_mkt_00004_web.jpg]
[assets.gulfstream.aero/images/aircraft/g500/d_g500_i_mkt_00107_v02r01_web.jpg]
[assets.gulfstream.aero/images/aircraft/g500/d_g500_i_mkt_00047_web.jpg]
[assets.gulfstream.aero/images/aircraft/g500/G500_Forward Galley.png]
[assets.gulfstream.aero/images/aircraft/g500/g500_Aft Galley.png]
[assets.gulfstream.aero/images/aircraft/g500/g500_Forward_Galley_01.png]
[assets.gulfstream.aero/images/aircraft/g500/g500_Forward_Galley_02.png]
[assets.gulfstream.aero/images/aircraft/g500/g500_Forward_Galley_03.png]
[assets.gulfstream.aero/images/aircraft/g500/g500_Aft_Galley_01.png]
[assets.gulfstream.aero/images/aircraft/g500/g500_Aft_Galley_02.png]
[assets.gulfstream.aero/images/aircraft/g500/g500_Aft_Galley_03.png]
[assets.gulfstream.aero/images/aircraft/g500/d_g500_flightdeck_mkt_057_web.jpg]
[assets.gulfstream.aero/images/aircraft/g500/d_g500_flightdeck_mkt_058_web.jpg]
[assets.gulfstream.aero/docs/aircraft/g500/g500_spec_sheet_english_web_v02.pdf]
[www.gulfstream.com/en/aircraft/gulfstream-g500/index.html]
[assets.gulfstream.aero/images/aircraft/g550/G550-logo.png]
[assets.gulfstream.aero/images/aircraft/g550/d_g550_a_mkt_837_web.jpg]
[assets.gulfstream.aero/images/aircraft/g550/d_g550_i_mkt_176_web.jpg]
[assets.gulfstream.aero/images/aircraft/g550/d_g550_a_mkt_215.jpg]
[assets.gulfstream.aero/images/aircraft/g550/d_g550_a_mkt_825_web.jpg]
[assets.gulfstream.aero/images/aircraft/g550/d_g550_a_mkt_878_web.jpg]
[assets.gulfstream.aero/images/aircraft/g550/d_g550_i_print_0410_v01r02_web.jpg]
[assets.gulfstream.aero/images/aircraft/g550/d_g550_i_mkt_135_web.jpg]
[assets.gulfstream.aero/images/aircraft/g550/d_g550_i_mkt_143_web.jpg]
[assets.gulfstream.aero/images/aircraft/g550/d_g550_i_mkt_091_web.jpg]
[assets.gulfstream.aero/images/aircraft/g550/floorplans_g550_fwd_galley_a_dsktp.png]
[assets.gulfstream.aero/images/aircraft/g550/floorplans_g550_fwd_galley_w_crew_a_dsktp.png]
[assets.gulfstream.aero/images/aircraft/g550/floorplans_g550_aft_galley_w_crew_a_dsktp.png]
[assets.gulfstream.aero/images/aircraft/g550/floorplans_g550_fwd_galley_a_01.png]
[assets.gulfstream.aero/images/aircraft/g550/floorplans_g550_fwd_galley_a_02.png]
[assets.gulfstream.aero/images/aircraft/g550/floorplans_g550_fwd_galley_a_03.png]
[assets.gulfstream.aero/images/aircraft/g550/floorplans_g550_fwd_galley_w_crew_a_01.png]
[assets.gulfstream.aero/images/aircraft/g550/floorplans_g550_fwd_galley_w_crew_a_02.png]
[assets.gulfstream.aero/images/aircraft/g550/floorplans_g550_fwd_galley_w_crew_a_03.png]
[assets.gulfstream.aero/images/aircraft/g550/floorplans_g550_aft_galley_w_crew_a_01.png]
[assets.gulfstream.aero/images/aircraft/g550/floorplans_g550_aft_galley_w_crew_a_02.png]
[assets.gulfstream.aero/images/aircraft/g550/floorplans_g550_aft_galley_w_crew_a_03.png]
[assets.gulfstream.aero/images/aircraft/g550/d_g550_flightdeck_print_010_web.jpg]
[assets.gulfstream.aero/images/aircraft/g550/d_g550_trsa_a_print_003_web.jpg]
[assets.gulfstream.aero/docs/aircraft/g550/g550_spec_sheet_english_web_v02.pdf]
[www.gulfstream.com/en/aircraft/gulfstream-g550/index.html]
[assets.gulfstream.aero/images/aircraft/g280/g280-logo.png]
[assets.gulfstream.aero/images/aircraft/g280/d_g280_a_mkt_00721_web.jpg]
[assets.gulfstream.aero/images/aircraft/g280/d_g280_i_mkt_135_web.jpg]
[assets.gulfstream.aero/images/aircraft/g280/g280_4_2250x1500_web.jpg]
[assets.gulfstream.aero/images/aircraft/g280/d_g280_a_mkt_01120_web.jpg]
[assets.gulfstream.aero/images/aircraft/g280/g280_13_2250x1500.jpg]
[assets.gulfstream.aero/images/aircraft/g280/d_g280_i_mkt_136_web.jpg]
[assets.gulfstream.aero/images/aircraft/g280/d_g280_i_mkt_140_web.jpg]
[assets.gulfstream.aero/images/aircraft/g280/d_g280_i_mkt_126_web.jpg]
[assets.gulfstream.aero/images/aircraft/g280/d_g280_i_mkt_132_web.jpg]
[assets.gulfstream.aero/images/aircraft/g280/cabin-config/g280_10_passenger_dsktp.png]
[assets.gulfstream.aero/images/aircraft/g280/cabin-config/g280_10_passenger_divan_dsktp.png]
[assets.gulfstream.aero/images/aircraft/g280/cabin-config/g280_9_passenger_dsktp.png]
[assets.gulfstream.aero/images/aircraft/g280/cabin-config/g280_8_passenger_dsktp.png]
[assets.gulfstream.aero/images/aircraft/g280/g280_10_passenger_01.png]
[assets.gulfstream.aero/images/aircraft/g280/g280_10_passenger_02.png]
[assets.gulfstream.aero/images/aircraft/g280/g280_9_passenger_01.png]
[assets.gulfstream.aero/images/aircraft/g280/g280_9_passenger_02.png]
[assets.gulfstream.aero/images/aircraft/g280/g280_8_passenger_01.png]
[assets.gulfstream.aero/images/aircraft/g280/g280_8_passenger_02.png]
[assets.gulfstream.aero/images/aircraft/g280/d_g280_flightdeck_mkt_001_web.jpg]
[assets.gulfstream.aero/images/aircraft/g280/g280_12_1300x1074_web.jpg]
[assets.gulfstream.aero/docs/aircraft/g280/g280_spec_sheet_english_web_v02.pdf]
[www.gulfstream.com/en/aircraft/gulfstream-g280/index.html]
[www.gulfstream.com/js/json.language.js]
[assets.gulfstream.aero/images/preowned/d_g450_a_mkt_952_v01r02.jpg]
[assets.gulfstream.aero/images/preowned/beijing_hangar_i_mkt_037.jpg]
[unpkg.com/axios@0.19.2/dist/axios.min.js]
[cdn.jsdelivr.net/npm/promise-polyfill@8/dist/polyfill.min.js]
[unpkg.com/@babel/polyfill@7.10.1/browser.js]
[www.gulfstream.com/js/preowned_aircraft.js]
[www.gulfstream.com/en/pre-owned/index.html]
[unpkg.com/@babel/standalone@7.10.2/babel.min.js]
[assets.gulfstream.aero/images/aircraft/special-missions/g550_sn5547_a_002_b_web.jpg]
[assets.gulfstream.aero/images/aircraft/special-missions/d_g550_sema_print_b_web.jpg]
[assets.gulfstream.aero/images/aircraft/special-missions/ste_20190815_175_v01r01_web.jpg]
[assets.gulfstream.aero/images/aircraft/special-missions/d_g5_airforce_print_081_b_web.jpg]
[assets.gulfstream.aero/images/aircraft/special-missions-slider/special-missions-aircraft-med-evac.png]
[assets.gulfstream.aero/images/aircraft/special-missions-slider/special-missions-aircraft-caew.png]
[assets.gulfstream.aero/images/aircraft/special-missions-slider/special-missions-aircraft-jcg.png]
[assets.gulfstream.aero/images/aircraft/special-missions-slider/special-missions-aircraft-sema.png]
[assets.gulfstream.aero/images/aircraft/special-missions-slider/trsa_48g550usnbh_r_v01r02_web.png]
[assets.gulfstream.aero/images/aircraft/special-missions-slider/special-missions-aircraft-dlr.png]
[assets.gulfstream.aero/images/aircraft/special-missions-slider/special-missions-aircraft-osa.png]
[assets.gulfstream.aero/images/aircraft/special-missions-slider/Arrow-left-dark.png]
[assets.gulfstream.aero/images/aircraft/special-missions-slider/Arrow-right-dark.png]
[assets.gulfstream.aero/images/aircraft/special-missions/d_fast_a_mkt_00004_b_web.jpg]
[www.gulfstream.com/js/special_missions.js]
[www.gulfstream.com/en/aircraft/special-missions/index.html]
[assets.gulfstream.aero/images/customer-support/d_fast_g_mkt_00115.jpg]
[assets.gulfstream.aero/images/customer-support/beijing_hangar_i_mkt_001_v01r03.jpg]
[assets.gulfstream.aero/images/customer-support/d_sav_g650_mfg_i_print_033.jpg]
[assets.gulfstream.aero/images/customer-support/Dedication_6_107cmx78cm.jpg]
[assets.gulfstream.aero/images/customer-support/d_fast_g_print_00001_60x40.jpg]
[assets.gulfstream.aero/images/customer-support/d_fast_a_mkt_00010.jpg]
[assets.gulfstream.aero/images/customer-support/d_g500_i_mkt_00051.jpg]
[www.gulfstream.com/en/customer-support/index.html]
[www.gulfstream.com/en/legal/privacy-notice/index.html]
[www.gulfstream.com/en/legal/terms-of-use/index.html]
[www.gulfstream.com/en/legal/california-supply-chains-act/index.html]
[www.gulfstream.com/en/legal/cookie-notice/index.html]
[www.gulfstream.com/en/legal/california-privacy-notice-addendum/index.html]
[www.gulfstream.com/en/legal/image-usage-agreement/index.html]
[www.gulfstream.com/en/legal/gender-pay-gap-report/index.html]
[www.gulfstream.com/js/json.contacts.js]
[www.gulfstream.com/js/contact_form.js]
[www.gulfstream.com/en/contact/ownership/index.html]
[www.gulfstream.com/en/contact/support/index.html]
[www.gulfstream.com/en/aircraft/index9cbd.html]
[www.gulfstream.com/en/legal/california-privacy-notice-addendum/index.html]
[www.gulfstream.com/en/legal/gender-pay-gap-report/index.html]
[www.gulfstream.com/en/legal/image-usage-agreement/index.html]
[www.gulfstream.com/safari-pinned-tab.svg]
[assets.gulfstream.aero/fonts/horizon/light/GulfstreamHorizon_W_Lt.eot]
[assets.gulfstream.aero/fonts/horizon/light/GulfstreamHorizon_W_Ltd41d.eot]
[assets.gulfstream.aero/fonts/horizon/light/GulfstreamHorizon_W_Lt.woff2]
[assets.gulfstream.aero/fonts/horizon/light/GulfstreamHorizon_W_Lt.woff]
[assets.gulfstream.aero/fonts/horizon/light/GulfstreamHorizon_Lt.ttf]
[assets.gulfstream.aero/fonts/horizon/light/GulfstreamHorizon_Lt.otf]
[assets.gulfstream.aero/fonts/horizon/regular/GulfstreamHorizon_W_Rg.eot]
[assets.gulfstream.aero/fonts/horizon/regular/GulfstreamHorizon_W_Rgd41d.eot]
[assets.gulfstream.aero/fonts/horizon/regular/GulfstreamHorizon_W_Rg.woff2]
[assets.gulfstream.aero/fonts/horizon/regular/GulfstreamHorizon_W_Rg.woff]
[assets.gulfstream.aero/fonts/horizon/regular/GulfstreamHorizon_Rg.ttf]
[assets.gulfstream.aero/fonts/horizon/regular/GulfstreamHorizon_Rg.otf]
[assets.gulfstream.aero/fonts/horizon/bold/GulfstreamHorizon_W_Bd.eot]
[assets.gulfstream.aero/fonts/horizon/bold/GulfstreamHorizon_W_Bdd41d.eot]
[assets.gulfstream.aero/fonts/horizon/bold/GulfstreamHorizon_W_Bd.woff2]
[assets.gulfstream.aero/fonts/horizon/bold/GulfstreamHorizon_W_Bd.woff]
[assets.gulfstream.aero/fonts/horizon/bold/GulfstreamHorizon_Bd.ttf]
[assets.gulfstream.aero/fonts/horizon/bold/GulfstreamHorizon_Bd.otf]
[assets.gulfstream.aero/fonts/horizondisplay/light/GulfstreamHorizonDisplay_W_Lt.eot]
[assets.gulfstream.aero/fonts/horizondisplay/light/GulfstreamHorizonDisplay_W_Ltd41d.eot]
[assets.gulfstream.aero/fonts/horizondisplay/light/GulfstreamHorizonDisplay_W_Lt.woff2]
[assets.gulfstream.aero/fonts/horizondisplay/light/GulfstreamHorizonDisplay_W_Lt.woff]
[assets.gulfstream.aero/fonts/horizondisplay/light/GulfstreamHorizonDisplay_Lt.ttf]
[assets.gulfstream.aero/fonts/horizondisplay/regular/GulfstreamHorizonDisplay_W_Rg.eot]
[assets.gulfstream.aero/fonts/horizondisplay/regular/GulfstreamHorizonDisplay_W_Rgd41d.eot]
[assets.gulfstream.aero/fonts/horizondisplay/regular/GulfstreamHorizonDisplay_W_Rg.woff2]
[assets.gulfstream.aero/fonts/horizondisplay/regular/GulfstreamHorizonDisplay_W_Rg.woff]
[assets.gulfstream.aero/fonts/horizondisplay/regular/GulfstreamHorizonDisplay_Rg.ttf]
[assets.gulfstream.aero/fonts/horizon.css]
[www.gulfstream.com/third-party/flickity.min.css]
[www.gulfstream.com/buttons/Carrot_Down_Gray_v2-01.png]
[www.gulfstream.com/buttons/Carrot_Down_White_v2-01.png]
[www.gulfstream.com/css/main.css]
[www.gulfstream.com/third-party/fullscreen.css]
[connect.facebook.net/en_US/fbevents.js]
[munchkin.marketo.net/munchkin.js]
[www.gulfstream.com/buttons/video-pause.svg]
[www.gulfstream.com/buttons/video-sound-off.svg]
[www.gulfstream.com/en/legal/privacy-notice/index.html]
[www.gulfstream.com/en/aircraft/index9cbd.html]
[unpkg.com/@babel/polyfill@7.10.1/browser.js]
[unpkg.com/@babel/standalone@7.10.2/babel.min.js]
[www.gulfstream.com/en/legal/california-privacy-notice-addendum/index.html]
[www.gulfstream.com/buttons/v_g700_g_mkt_00004-m.html]
[www.gulfstream.com/buttons/v_g700_g_mkt_00004.html]
[www.gulfstream.com/en/POST.html]
